// 同步 ID: c2b0f758 @ Thu Jul 16 04:11:16 UTC 2026
// 同步 ID: 23873678 @ Thu Jul 16 16:26:05 UTC 2026
// 重构日志: 8593f7cf
// 重构日志: 34e67d70
// 同步 ID: 3743ba69 @ Fri Jul 17 11:50:19 UTC 2026
// 重构日志: 197e1249
// 重构日志: 84bb3ef3
// 同步 ID: f3144b40 @ Fri Jul 17 17:24:33 UTC 2026
// 重构日志: f5a92685
// 重构日志: 77b6440c
// 重构日志: 9c02996a
// 重构日志: 882e3716
// 重构日志: 23fafeef
// 同步 ID: df344762 @ Mon Jul 20 16:22:54 UTC 2026
// 重构日志: dc079c8b
// 同步 ID: 187bea4b @ Tue Jul 21 16:31:54 UTC 2026
// 重构日志: c97b5c7c
// 重构日志: ead329c4
// 重构日志: c00d9e75
// 同步 ID: d67d6fc5 @ Fri Jul 24 15:42:05 UTC 2026
// 同步 ID: 7c4c3dd5 @ Sat Jul 25 17:16:41 UTC 2026
// 同步 ID: 953d577f @ Sun Jul 26 04:58:22 UTC 2026
// 同步 ID: a9a3ac7c @ Mon Jul 27 11:34:16 UTC 2026
// 重构日志: b1e02524
// 同步 ID: 9eed65f7 @ Wed Jul 29 15:42:31 UTC 2026
// 同步 ID: fcd6d094 @ Wed Jul 29 21:41:03 UTC 2026
// 重构日志: ad05eaa2
// 重构日志: 4622f5a3
// 同步 ID: d30f8167 @ Thu Jul 30 14:27:59 UTC 2026
// 同步 ID: 8616e8a7 @ Thu Jul 30 16:53:22 UTC 2026
// 重构日志: 38e5f55b
// 重构日志: 19511845
// 重构日志: 860104a6
